Genesi = Gen
Esodo = Exod
Levitico = Lev
Numeri = Num
Deuteronomio = Deut
Giosuè = Josh
Giudici = Judg
Rut = Ruth
Primo\ Libro\ di\ Samuele = 1Sam
Secondo\ Libro\ di\ Samuele = 2Sam
Primo\ Libro\ dei\ Re = 1Kgs
Secondo\ Libro\ dei\ Re = 2Kgs
Primo\ Libro\ delle\ Cronache = 1Chr
Secondo\ Libro\ delle\ Cronache = 2Chr
Esdra = Ezra
Neemia = Neh
Tobia = Tobit
Giuditta = Judith
Ester = Esth
Primo\ Libro\ dei\ Maccabei = I Maccabees
Secondo\ Libro\ dei\ Maccabei = II Maccabees
Giobbe = Job
Salmi = Ps
Proverbi = Prov
Qoelet = Eccl
Cantico\ dei\ Cantici = Song
Sapienza = Wisdom
Siracide = Sirach
Isaia = Isa
Geremia = Jer
Lamentazioni = Lam
Baruc = Baruch
Ezechiele = Ezek
Daniele = Dan
Osea = Hos
Gioele = Joel
Amos = Amos
Abdia = Obad
Giona = Jonah
Michea = Mic
Naum = Nah
Abacuc = Hab
Sofonia = Zeph
Aggeo = Hag
Zaccaria = Zech
Malachia = Mal
Vangelo\ secondo\ Matteo = Matt
Vangelo\ Secondo\ Marco = Mark
Vangelo\ secondo\ Luca = Luke
Vangelo\ secondo\ Giovanni = John
AttidegliApostoli = Acts
Romani = Rom
Prima\ Lettera\ ai\ Corinzi = 1Cor
Seconda\ Lettera\ ai\ Corinzi = 2Cor
Galati = Gal
Efesini = Eph
Filippesi = Phil
Colossesi = Col
1Tessalonicesi = 1Thess
2Tessalonicesi = 2Thess
1Timoteo = 1Tim
2Timoteo = 2Tim
Tito = Titus
Filemone = Phlm
Ebrei = Heb
Giacomo = Jas
1Pietro = 1Pet
2Pietro = 2Pet
1Giovanni = 1John
2Giovanni = 2John
3Giovanni = 3John
Giuda = Jude
Apocalisse = Rev
