Genesi = Gen
Esodo = Exod
Levitico = Lev
Numeri = Num
Deuteronomio = Deut
Giosue = Josh
Giudici = Judg
Rut = Ruth
1Samuele = 1Sam
2Samuele = 2Sam
1Re = 1Kgs
2Re = 2Kgs
1Cronache = 1Chr
2Cronache = 2Chr
Esdra = Ezra
Neemia = Neh
Tobia = Tobit
Giuditta = Judith
Ester = Esth
1Maccabei = I Maccabees
2Maccabei = II Maccabees
Giobbe = Job
Salmi = Ps
Proverbi = Prov
Qoelet = Eccl
Cantico = Song
Sapienza = Wisdom
Siracide = Sirach
Isaia = Isa
Geremia = Jer
Lamentazioni = Lam
Baruc = Baruch
Ezechiele = Ezek
Daniele = Dan
Osea = Hos
Gioele = Joel
Amos = Amos
Abdia = Obad
Giona = Jonah
Michea = Mic
Naum = Nah
Abacuc = Hab
Sofonia = Zeph
Aggeo = Hag
Zaccaria = Zech
Malachia = Mal
Matteo = Matt
Marco = Mark
Luca = Luke
Giovanni = John
AttidegliApostoli = Acts
Romani = Rom
1Corinzi = 1Cor
2Corinzi = 2Cor
Galati = Gal
Efesini = Eph
Filippesi = Phil
Colossesi = Col
1Tessalonicesi = 1Thess
2Tessalonicesi = 2Thess
1Timoteo = 1Tim
2Timoteo = 2Tim
Tito = Titus
Filemone = Phlm
Ebrei = Heb
Giacomo = Jas
1Pietro = 1Pet
2Pietro = 2Pet
1Giovanni = 1John
2Giovanni = 2John
3Giovanni = 3John
Giuda = Jude
Apocalisse = Rev
